[einyels-cool-site.webflow.io/index.html]
[backblue.gif]
[fade.gif]
[index.html]
[uploads-ssl.webflow.com/64fd34cbdb6ee793b9a42293/css/einyels-cool-site.webflow.e921c304a.css]
[ajax.googleapis.com/ajax/libs/webfont/1.6.26/webfont.js]
[uploads-ssl.webflow.com/img/webclip.png]
[einyels-cool-site.webflow.io/style-guide.html]
[uploads-ssl.webflow.com/64fd34cbdb6ee793b9a42293/64fd36ff568d7f23bb45c361_image-removebg-preview (2).png]
[uploads-ssl.webflow.com/64fd34cbdb6ee793b9a42293/64fd3ca85a16efb4be9d21c3_2023-08-27_20.37.04.png]
[uploads-ssl.webflow.com/64fd34cbdb6ee793b9a42293/64fd3d031e51df93e30eb77d_2023-08-18_01.56.56.png]
[uploads-ssl.webflow.com/64fd34cbdb6ee793b9a42293/64fd3dbe4c01d1a2dcdf0579_2023-08-21_22.40.01.png]
[d3e54v103j8qbb.cloudfront.net/js/jquery-3.5.1.min.dc5e7f18c8d2f7.js]
[einyels-cool-site.webflow.io/index.html]
[uploads-ssl.webflow.com/64fd34cbdb6ee793b9a42293/js/webflow.ff5712b69.js]
[uploads-ssl.webflow.com/64fd34cbdb6ee793b9a42293/css/einyels-cool-site.webflow.e921c304a.css]
[uploads-ssl.webflow.com/64fd34cbdb6ee793b9a42293/64fd40a2db6ee793b9abaf76_2023-08-18_01.56.48.png]
[einyels-cool-site.webflow.io/style-guide.html]
